
[1m[46m RUN [49m[22m [36mv3.1.4 [39m[90mD:/Programming/CopperMind/FrontEnd[39m

 [32m✓[39m src/Test/LoginPage.test.jsx[2m > [22mLoginPage Component - Input and Action Tests[2m > [22mshould accept valid email and password inputs (e.g., "test@example.com", "password123") and update the fields[32m 68[2mms[22m[39m
 [32m✓[39m src/Test/LoginPage.test.jsx[2m > [22mLoginPage Component - Input and Action Tests[2m > [22mshould toggle password visibility when clicking the eye icon[32m 12[2mms[22m[39m
 [32m✓[39m src/Test/LoginPage.test.jsx[2m > [22mLoginPage Component - Input and Action Tests[2m > [22mshould successfully log in with acceptable credentials (e.g., "test@example.com", "password123") by storing token and navigating to /Note[32m 126[2mms[22m[39m
 [32m✓[39m src/Test/LoginPage.test.jsx[2m > [2 2mLoginPage Component - Input and Action Tests[2m > [22mshould reject invalid login credentials (e.g., "wrong@example.com", "wrongpassword") and show an alert[32m 24[2mms[22m[39m

[2m Test Files [22m [1m[32m1 passed[39m[22m[90m (1)[39m
[2m      Tests [22m [1m[32m4 passed[39m[22m[90m (4)[39m
[2m   Start at [22m 13:32:00
[2m   Duration [22m 3.40s[2m (transform 166ms, setup 317ms, collect 652ms, tests 231ms, environment 1.55s, prepare 292ms)[22m

